2025-10-07 11:57:55,626 - root - INFO - Created directory: data
2025-10-07 11:57:55,626 - root - INFO - Created directory: output
2025-10-07 11:57:55,627 - data_processor - INFO - Fetching teams data from API...
2025-10-07 11:57:55,627 - api_client - INFO - Making API request to: https://api.sportsdata.io/v3/cbb/scores/json/TeamsBasic
2025-10-07 11:57:56,049 - api_client - ERROR - HTTP error occurred: 401 Client Error:  for url: https://api.sportsdata.io/v3/cbb/scores/json/TeamsBasic
2025-10-07 11:57:56,049 - utils - ERROR - Error: Invalid API key or unauthorized access
2025-10-07 12:28:26,878 - data_processor - INFO - Fetching teams data from API...
2025-10-07 12:28:26,878 - api_client - INFO - Making API request to: https://api.sportsdata.io/v3/cbb/scores/json/TeamsBasic
2025-10-07 12:28:27,053 - root - INFO - Data saved to CSV: data/teams_info.csv
2025-10-07 12:28:27,053 - data_processor - INFO - Loaded 1314 teams
2025-10-07 12:28:27,054 - utils - ERROR - Error: [Errno 32] Broken pipe
2025-10-07 12:28:35,071 - data_processor - INFO - Fetching teams data from API...
2025-10-07 12:28:35,071 - api_client - INFO - Making API request to: https://api.sportsdata.io/v3/cbb/scores/json/TeamsBasic
2025-10-07 12:28:35,238 - root - INFO - Data saved to CSV: data/teams_info.csv
2025-10-07 12:28:35,238 - data_processor - INFO - Loaded 1314 teams
2025-10-07 12:28:35,239 - data_processor - INFO - Fetching trends for Duke
2025-10-07 12:28:35,239 - api_client - INFO - Making API request to: https://api.sportsdata.io/v3/cbb/odds/json/TeamTrends/DUKE
2025-10-07 12:28:35,850 - root - INFO - Data saved to: data/team_trends_DUKE_20251007_122835.json
2025-10-07 12:29:11,997 - data_processor - INFO - Fetching teams data from API...
2025-10-07 12:29:11,997 - api_client - INFO - Making API request to: https://api.sportsdata.io/v3/cbb/scores/json/TeamsBasic
2025-10-07 12:29:12,313 - root - INFO - Data saved to CSV: data/teams_info.csv
2025-10-07 12:29:12,313 - data_processor - INFO - Loaded 1314 teams
2025-10-07 12:29:12,313 - data_processor - INFO - Fetching trends for Duke
2025-10-07 12:29:12,313 - api_client - INFO - Making API request to: https://api.sportsdata.io/v3/cbb/odds/json/TeamTrends/DUKE
2025-10-07 12:29:12,354 - root - INFO - Data saved to: data/team_trends_DUKE_20251007_122912.json
2025-10-07 12:29:21,998 - data_processor - INFO - Fetching teams data from API...
2025-10-07 12:29:21,998 - api_client - INFO - Making API request to: https://api.sportsdata.io/v3/cbb/scores/json/TeamsBasic
2025-10-07 12:29:22,158 - root - INFO - Data saved to CSV: data/teams_info.csv
2025-10-07 12:29:22,158 - data_processor - INFO - Loaded 1314 teams
2025-10-07 12:29:40,997 - data_processor - INFO - Fetching teams data from API...
2025-10-07 12:29:40,997 - api_client - INFO - Making API request to: https://api.sportsdata.io/v3/cbb/scores/json/TeamsBasic
2025-10-07 12:29:41,343 - root - INFO - Data saved to CSV: data/teams_info.csv
2025-10-07 12:29:41,343 - data_processor - INFO - Loaded 1314 teams
2025-10-07 12:31:25,900 - data_processor - INFO - Fetching teams data from API...
2025-10-07 12:31:25,900 - api_client - INFO - Making API request to: https://api.sportsdata.io/v3/cbb/scores/json/TeamsBasic
2025-10-07 12:31:26,341 - root - INFO - Data saved to CSV: data/teams_info.csv
2025-10-07 12:31:26,341 - data_processor - INFO - Loaded 1314 teams
2025-10-07 12:31:26,341 - data_processor - INFO - Analyzing matchup: Duke vs North Carolina
2025-10-07 12:31:26,341 - api_client - INFO - Making API request to: https://api.sportsdata.io/v3/cbb/odds/json/MatchupTrends/DUKE/NCAR
2025-10-07 12:33:46,140 - data_processor - INFO - Fetching teams data from API...
2025-10-07 12:33:46,141 - api_client - INFO - Making API request to: https://api.sportsdata.io/v3/cbb/scores/json/TeamsBasic
2025-10-07 12:33:46,573 - root - INFO - Data saved to CSV: data/teams_info.csv
2025-10-07 12:33:46,573 - data_processor - INFO - Loaded 1314 teams
2025-10-07 12:34:01,645 - data_processor - INFO - Fetching teams data from API...
2025-10-07 12:34:01,645 - api_client - INFO - Making API request to: https://api.sportsdata.io/v3/cbb/scores/json/TeamsBasic
2025-10-07 12:34:01,809 - root - INFO - Data saved to CSV: data/teams_info.csv
2025-10-07 12:34:01,809 - data_processor - INFO - Loaded 1314 teams
